../Utilities/sequencer/stm32_seq.c:180:6:UTIL_SEQ_Init	16	static
../Utilities/sequencer/stm32_seq.c:197:6:UTIL_SEQ_DeInit	4	static
../Utilities/sequencer/stm32_seq.c:207:6:UTIL_SEQ_Run	72	static,ignoring_inline_asm
../Utilities/sequencer/stm32_seq.c:322:6:UTIL_SEQ_RegTask	40	static,ignoring_inline_asm
../Utilities/sequencer/stm32_seq.c:334:6:UTIL_SEQ_SetTask	32	static,ignoring_inline_asm
../Utilities/sequencer/stm32_seq.c:346:10:UTIL_SEQ_IsSchedulableTask	40	static,ignoring_inline_asm
../Utilities/sequencer/stm32_seq.c:360:6:UTIL_SEQ_PauseTask	32	static,ignoring_inline_asm
../Utilities/sequencer/stm32_seq.c:371:10:UTIL_SEQ_IsPauseTask	32	static,ignoring_inline_asm
../Utilities/sequencer/stm32_seq.c:382:6:UTIL_SEQ_ResumeTask	32	static,ignoring_inline_asm
../Utilities/sequencer/stm32_seq.c:393:6:UTIL_SEQ_SetEvt	32	static,ignoring_inline_asm
../Utilities/sequencer/stm32_seq.c:404:6:UTIL_SEQ_ClrEvt	32	static,ignoring_inline_asm
../Utilities/sequencer/stm32_seq.c:415:6:UTIL_SEQ_WaitEvt	40	static,ignoring_inline_asm
../Utilities/sequencer/stm32_seq.c:468:15:UTIL_SEQ_IsEvtPend	16	static
../Utilities/sequencer/stm32_seq.c:474:13:UTIL_SEQ_EvtIdle	16	static
../Utilities/sequencer/stm32_seq.c:481:13:UTIL_SEQ_Idle	4	static
../Utilities/sequencer/stm32_seq.c:486:13:UTIL_SEQ_PreIdle	4	static
../Utilities/sequencer/stm32_seq.c:494:13:UTIL_SEQ_PostIdle	4	static
../Utilities/sequencer/stm32_seq.c:517:9:SEQ_BitPosition	24	static
