../Drivers/STM32WBxx_HAL_Driver/Inc/stm32wbxx_ll_exti.h:793:22:LL_C2_EXTI_EnableEvent_32_63	16	static
../Drivers/STM32WBxx_HAL_Driver/Inc/stm32wbxx_ll_exti.h:1051:22:LL_EXTI_EnableRisingTrig_32_63	16	static
../Drivers/STM32WBxx_HAL_Driver/Inc/stm32wbxx_ll_ipcc.h:138:22:LL_C1_IPCC_EnableIT_TXF	16	static
../Drivers/STM32WBxx_HAL_Driver/Inc/stm32wbxx_ll_ipcc.h:171:22:LL_C1_IPCC_EnableIT_RXO	16	static
../Drivers/STM32WBxx_HAL_Driver/Inc/stm32wbxx_ll_ipcc.h:290:22:LL_C1_IPCC_EnableTransmitChannel	16	static
../Drivers/STM32WBxx_HAL_Driver/Inc/stm32wbxx_ll_ipcc.h:313:22:LL_C1_IPCC_DisableTransmitChannel	16	static
../Drivers/STM32WBxx_HAL_Driver/Inc/stm32wbxx_ll_ipcc.h:359:22:LL_C1_IPCC_EnableReceiveChannel	16	static
../Drivers/STM32WBxx_HAL_Driver/Inc/stm32wbxx_ll_ipcc.h:575:22:LL_C1_IPCC_ClearFlag_CHx	16	static
../Drivers/STM32WBxx_HAL_Driver/Inc/stm32wbxx_ll_ipcc.h:599:22:LL_C1_IPCC_SetFlag_CHx	16	static
../Drivers/STM32WBxx_HAL_Driver/Inc/stm32wbxx_ll_ipcc.h:622:26:LL_C1_IPCC_IsActiveFlag_CHx	16	static
../Drivers/STM32WBxx_HAL_Driver/Inc/stm32wbxx_ll_ipcc.h:693:26:LL_C2_IPCC_IsActiveFlag_CHx	16	static
../Drivers/STM32WBxx_HAL_Driver/Inc/stm32wbxx_ll_bus.h:744:22:LL_AHB3_GRP1_EnableClock	24	static
../Drivers/STM32WBxx_HAL_Driver/Inc/stm32wbxx_ll_bus.h:1782:22:LL_C2_AHB3_GRP1_EnableClock	24	static
../Drivers/STM32WBxx_HAL_Driver/Inc/stm32wbxx_ll_pwr.h:1615:22:LL_PWR_EnableBootC2	4	static
../STM32_WPAN/Target/hw_ipcc.c:76:6:HW_IPCC_Rx_Handler	8	static
../STM32_WPAN/Target/hw_ipcc.c:140:6:HW_IPCC_Tx_Handler	8	static
../STM32_WPAN/Target/hw_ipcc.c:185:6:HW_IPCC_Enable	8	static,ignoring_inline_asm
../STM32_WPAN/Target/hw_ipcc.c:215:6:HW_IPCC_Init	8	static
../STM32_WPAN/Target/hw_ipcc.c:231:6:HW_IPCC_BLE_Init	8	static
../STM32_WPAN/Target/hw_ipcc.c:238:6:HW_IPCC_BLE_SendCmd	8	static
../STM32_WPAN/Target/hw_ipcc.c:245:13:HW_IPCC_BLE_EvtHandler	8	static
../STM32_WPAN/Target/hw_ipcc.c:254:6:HW_IPCC_BLE_SendAclData	8	static
../STM32_WPAN/Target/hw_ipcc.c:262:13:HW_IPCC_BLE_AclDataEvtHandler	8	static
../STM32_WPAN/Target/hw_ipcc.c:271:13:HW_IPCC_BLE_AclDataAckNot	4	static
../STM32_WPAN/Target/hw_ipcc.c:272:13:HW_IPCC_BLE_RxEvtNot	4	static
../STM32_WPAN/Target/hw_ipcc.c:277:6:HW_IPCC_SYS_Init	8	static
../STM32_WPAN/Target/hw_ipcc.c:284:6:HW_IPCC_SYS_SendCmd	8	static
../STM32_WPAN/Target/hw_ipcc.c:292:13:HW_IPCC_SYS_CmdEvtHandler	8	static
../STM32_WPAN/Target/hw_ipcc.c:301:13:HW_IPCC_SYS_EvtHandler	8	static
../STM32_WPAN/Target/hw_ipcc.c:310:13:HW_IPCC_SYS_CmdEvtNot	4	static
../STM32_WPAN/Target/hw_ipcc.c:311:13:HW_IPCC_SYS_EvtNot	4	static
../STM32_WPAN/Target/hw_ipcc.c:626:6:HW_IPCC_MM_SendFreeBuf	16	static
../STM32_WPAN/Target/hw_ipcc.c:643:13:HW_IPCC_MM_FreeBufHandler	8	static
../STM32_WPAN/Target/hw_ipcc.c:657:6:HW_IPCC_TRACES_Init	8	static
../STM32_WPAN/Target/hw_ipcc.c:664:13:HW_IPCC_TRACES_EvtHandler	8	static
../STM32_WPAN/Target/hw_ipcc.c:673:13:HW_IPCC_TRACES_EvtNot	4	static
