../Drivers/STM32WBxx_HAL_Driver/Inc/stm32wbxx_ll_system.h:2221:26:uint32_t LL_FLASH_GetUDN()	4	static
../Drivers/STM32WBxx_HAL_Driver/Inc/stm32wbxx_ll_system.h:2233:26:uint32_t LL_FLASH_GetDeviceID()	4	static
../Drivers/STM32WBxx_HAL_Driver/Inc/stm32wbxx_ll_system.h:2245:26:uint32_t LL_FLASH_GetSTCompanyID()	4	static
../Drivers/STM32WBxx_HAL_Driver/Inc/stm32wbxx_ll_pwr.h:2385:26:uint32_t LL_PWR_IsActiveFlag_C2SB()	4	static
../Drivers/STM32WBxx_HAL_Driver/Inc/stm32wbxx_ll_pwr.h:2395:26:uint32_t LL_PWR_IsActiveFlag_C2DS()	4	static
../Drivers/STM32WBxx_HAL_Driver/Inc/stm32wbxx_ll_hsem.h:233:26:uint32_t LL_HSEM_1StepLock(HSEM_TypeDef*, uint32_t)	16	static
../Drivers/STM32WBxx_HAL_Driver/Inc/stm32wbxx_ll_hsem.h:247:22:void LL_HSEM_ReleaseLock(HSEM_TypeDef*, uint32_t, uint32_t)	24	static
C:\ST\STM32CubeIDE_1.0.2\STM32CubeIDE\plugins\com.st.stm32cube.ide.mcu.externaltools.gnu-tools-for-stm32.11.3.rel1.win32_1.1.0.202305231506\tools\arm-none-eabi\include\c++\11.3.1\arm-none-eabi\thumb\v7e-m+fp\hard\bits\gthr-default.h:229:1:int __gthread_key_delete(__gthread_key_t)	16	static
../src/app_ble.h:81:9:constexpr BleApp::<unnamed struct>::<constructor>()	16	static
../src/app_ble.h:8:8:BleApp::BleApp()	24	static
../src/app_ble.cpp:23:6:void BleApp::Init()	88	static
../src/app_ble.cpp:88:6:void BleApp::ServiceControlCallback(hci_event_pckt*)	48	static
../src/app_ble.cpp:174:6:void BleApp::TransportLayerInit()	24	static
C:\ST\STM32CubeIDE_1.0.2\STM32CubeIDE\plugins\com.st.stm32cube.ide.mcu.externaltools.gnu-tools-for-stm32.11.3.rel1.win32_1.1.0.202305231506\tools\bin/../lib/gcc/arm-none-eabi/11.3.1/../../../../arm-none-eabi/include/c++/11.3.1/string_view:215:7:constexpr std::basic_string_view<_CharT, _Traits>::size_type std::basic_string_view<_CharT, _Traits>::length() const [with _CharT = char; _Traits = std::char_traits<char>]	16	static
../src/app_ble.cpp:184:6:void BleApp::HciGapGattInit()	96	static
../src/app_ble.cpp:252:6:void BleApp::EnableAdvertising(BleApp::ConnStatus)	56	static
../src/app_ble.cpp:292:10:uint8_t* BleApp::GetBdAddress()	32	static
../src/app_ble.cpp:314:6:static void BleApp::QueueLPAdvertising()	8	static
../src/app_ble.cpp:321:6:static void BleApp::QueueFastAdvertising()	8	static
../src/app_ble.cpp:328:6:static void BleApp::SwitchLPAdvertising()	8	static
../src/app_ble.cpp:334:6:static void BleApp::SwitchFastAdvertising()	8	static
../src/app_ble.cpp:339:6:static void BleApp::CancelAdvertising()	16	static
../src/app_ble.cpp:362:6:static void BleApp::DisconnectRequest()	8	static
../src/app_ble.cpp:368:6:static void BleApp::GoToSleep()	8	static
../src/app_ble.cpp:375:13:void SwitchToHSI()	4	static
../src/app_ble.cpp:382:6:static void BleApp::EnterSleepMode()	32	static,ignoring_inline_asm
../src/app_ble.cpp:427:6:void BleApp::WakeFromSleep()	16	static
../src/app_ble.cpp:445:6:void hci_notify_asynch_evt(void*)	16	static
../src/app_ble.cpp:451:6:void hci_cmd_resp_release(uint32_t)	16	static
../src/app_ble.cpp:457:6:void hci_cmd_resp_wait(uint32_t)	16	static
../src/app_ble.cpp:463:6:static void BleApp::UserEvtRx(void*)	24	static
../src/app_ble.cpp:485:6:static void BleApp::StatusNotify(HCI_TL_CmdStatus_t)	24	static
../src/app_ble.cpp:503:6:void SVCCTL_ResumeUserEventFlow()	8	static
C:\ST\STM32CubeIDE_1.0.2\STM32CubeIDE\plugins\com.st.stm32cube.ide.mcu.externaltools.gnu-tools-for-stm32.11.3.rel1.win32_1.1.0.202305231506\tools\bin/../lib/gcc/arm-none-eabi/11.3.1/../../../../arm-none-eabi/include/c++/11.3.1/bits/basic_string.h:664:2:std::__cxx11::basic_string<_CharT, _Traits, _Alloc>::basic_string(const _Tp&, const _Alloc&) [with _Tp = std::basic_string_view<char>; <template-parameter-2-2> = void; _CharT = char; _Traits = std::char_traits<char>; _Alloc = std::allocator<char>]	40	static
../src/app_ble.cpp:506:1:void __static_initialization_and_destruction_0(int, int)	16	static
../src/app_ble.cpp:506:1:cpp)	8	static
