../src/bas_app.h:5:8:BasService::BasService()	16	static
../src/bas_app.cpp:8:6:void BasService::Init()	48	static
../src/bas_app.cpp:41:6:void BasService::AppInit()	16	static
../src/bas_app.cpp:52:6:static void BasService::UpdateBatteryChar()	16	static
../src/bas_app.cpp:64:7:float BasService::GetBatteryLevel()	32	static
../src/bas_app.cpp:76:6:void BasService::TimedRead()	24	static
../src/bas_app.cpp:95:6:bool BasService::EventHandler(hci_event_pckt*)	32	static
C:\ST\STM32CubeIDE_1.0.2\STM32CubeIDE\plugins\com.st.stm32cube.ide.mcu.externaltools.gnu-tools-for-stm32.11.3.rel1.win32_1.1.0.202305231506\tools\bin/../lib/gcc/arm-none-eabi/11.3.1/../../../../arm-none-eabi/include/c++/11.3.1/bits/stl_algo.h:3656:5:constexpr const _Tp& std::clamp(const _Tp&, const _Tp&, const _Tp&) [with _Tp = float]	24	static
../src/bas_app.cpp:133:1:void __static_initialization_and_destruction_0(int, int)	16	static
../src/bas_app.cpp:133:1:cpp)	8	static
