../Drivers/CMSIS/Include/core_cm4.h:1679:22:void __NVIC_EnableIRQ(IRQn_Type)	16	static,ignoring_inline_asm
../src/gyroSPI.h:26:14:void GyroSPI::ClearReadBuffer()	24	static
../src/gyroSPI.h:5:8:GyroSPI::GyroSPI()	16	static
../src/GyroSPI.cpp:8:6:void GyroSPI::Setup()	16	static
../src/GyroSPI.cpp:19:6:void GyroSPI::WriteCmd(uint8_t, uint8_t)	16	static
../src/GyroSPI.cpp:35:9:uint8_t GyroSPI::ReadRegister(uint8_t)	24	static
../src/GyroSPI.cpp:53:6:void GyroSPI::GyroRead()	16	static
../src/GyroSPI.cpp:83:6:void GyroSPI::OutputGyro()	16	static
../src/GyroSPI.cpp:90:6:void GyroSPI::ContinualRead(bool)	16	static
../src/GyroSPI.cpp:99:1:void __static_initialization_and_destruction_0(int, int)	16	static
../src/GyroSPI.cpp:99:1:cpp)	8	static
