../Drivers/CMSIS/Include/core_cm4.h:1648:22:void __NVIC_SetPriorityGrouping(uint32_t)	24	static
../Drivers/CMSIS/Include/core_cm4.h:1679:22:void __NVIC_EnableIRQ(IRQn_Type)	16	static,ignoring_inline_asm
../Drivers/CMSIS/Include/core_cm4.h:1809:22:void __NVIC_SetPriority(IRQn_Type, uint32_t)	16	static
../Drivers/CMSIS/Include/core_cm4.h:2017:26:uint32_t SysTick_Config(uint32_t)	16	static
../Drivers/STM32WBxx_HAL_Driver/Inc/stm32wbxx_ll_exti.h:460:22:void LL_EXTI_DisableIT_0_31(uint32_t)	16	static
../Drivers/STM32WBxx_HAL_Driver/Inc/stm32wbxx_ll_exti.h:529:22:void LL_EXTI_DisableIT_32_63(uint32_t)	16	static
../src/initialisation.cpp:15:6:void SystemClock_Config()	4	static
../src/initialisation.cpp:66:13:void InitRTC()	4	static
../src/initialisation.cpp:96:6:void InitHardware()	8	static
../src/initialisation.cpp:122:13:void InitSPI()	4	static
../src/initialisation.cpp:155:13:void InitADC()	4	static
../src/initialisation.cpp:186:13:void InitGPIO()	8	static
../src/initialisation.cpp:215:13:void InitIPCC()	8	static
../src/initialisation.cpp:237:13:void InitSysTick()	8	static
../src/initialisation.cpp:245:6:void InitGyroTimer()	8	static
