C:\ST\STM32CubeIDE_1.0.2\STM32CubeIDE\plugins\com.st.stm32cube.ide.mcu.externaltools.gnu-tools-for-stm32.11.3.rel1.win32_1.1.0.202305231506\tools\arm-none-eabi\include\c++\11.3.1\arm-none-eabi\thumb\v7e-m+fp\hard\bits\gthr-default.h:229:1:int __gthread_key_delete(__gthread_key_t)	16	static
../src/interrupts.cpp:8:6:void SysTick_Handler()	4	static
../src/interrupts.cpp:12:6:void USB_LP_IRQHandler()	8	static
../src/interrupts.cpp:16:6:void EXTI4_IRQHandler()	4	static
../src/interrupts.cpp:22:6:void TIM2_IRQHandler()	8	static
../src/interrupts.cpp:29:6:void HSEM_IRQHandler()	4	static
../src/interrupts.cpp:33:6:void RTC_WKUP_IRQHandler()	8	static
../src/interrupts.cpp:37:6:void IPCC_C1_RX_IRQHandler()	8	static
../src/interrupts.cpp:41:6:void IPCC_C1_TX_IRQHandler()	8	static
../src/interrupts.cpp:45:6:void NMI_Handler()	4	static
../src/interrupts.cpp:49:6:void HardFault_Handler()	4	static
../src/interrupts.cpp:53:6:void MemManage_Handler()	4	static
../src/interrupts.cpp:57:6:void BusFault_Handler()	4	static
../src/interrupts.cpp:61:6:void UsageFault_Handler()	4	static
../src/interrupts.cpp:65:6:void SVC_Handler()	4	static
../src/interrupts.cpp:67:6:void DebugMon_Handler()	4	static
../src/interrupts.cpp:69:6:void PendSV_Handler()	4	static
